[html.themexriver.com/searmek/index.html]
[backblue.gif]
[fade.gif]
[index.html]
[html.themexriver.com/searmek/css/bootstrap.css]
[html.themexriver.com/searmek/css/main.css]
[html.themexriver.com/searmek/css/responsive.css]
[html.themexriver.com/searmek/images/favicon.png]
[html.themexriver.com/searmek/images/logo.png]
[html.themexriver.com/searmek/index-2.html]
[html.themexriver.com/searmek/index-3.html]
[html.themexriver.com/searmek/index-4.html]
[html.themexriver.com/searmek/index-5.html]
[html.themexriver.com/searmek/about.html]
[html.themexriver.com/searmek/team.html]
[html.themexriver.com/searmek/faq.html]
[html.themexriver.com/searmek/pricing.html]
[html.themexriver.com/searmek/testimonial.html]
[html.themexriver.com/searmek/service.html]
[html.themexriver.com/searmek/service-detail.html]
[html.themexriver.com/searmek/portfolio.html]
[html.themexriver.com/searmek/portfolio-single.html]
[html.themexriver.com/searmek/blog.html]
[html.themexriver.com/searmek/blog-single.html]
[html.themexriver.com/searmek/contact.html]
[html.themexriver.com/searmek/images/background/pattern-1.png]
[html.themexriver.com/searmek/images/background/pattern-2.png]
[html.themexriver.com/searmek/images/icons/icon-1.png]
[html.themexriver.com/searmek/images/icons/icon-2.png]
[html.themexriver.com/searmek/images/icons/icon-3.png]
[html.themexriver.com/searmek/images/icons/icon-4.png]
[html.themexriver.com/searmek/images/icons/icon-5.png]
[html.themexriver.com/searmek/images/icons/icon-6.png]
[html.themexriver.com/searmek/images/icons/icon-7.png]
[html.themexriver.com/searmek/images/background/banner-1.png]
[html.themexriver.com/searmek/images/resource/feature.png]
[html.themexriver.com/searmek/images/icons/icon-8.png]
[html.themexriver.com/searmek/images/resource/message.png]
[html.themexriver.com/searmek/images/resource/message-1.png]
[html.themexriver.com/searmek/images/gallery/1.jpg]
[html.themexriver.com/searmek/images/gallery/2.jpg]
[html.themexriver.com/searmek/images/gallery/3.jpg]
[html.themexriver.com/searmek/images/resource/author-1.jpg]
[html.themexriver.com/searmek/images/resource/author-2.jpg]
[html.themexriver.com/searmek/images/resource/message-2.png]
[html.themexriver.com/searmek/images/background/pattern-3.png]
[html.themexriver.com/searmek/images/resource/icon-1.png]
[html.themexriver.com/searmek/js/jquery.js]
[html.themexriver.com/searmek/js/popper.min.js]
[html.themexriver.com/searmek/index.html]
[html.themexriver.com/searmek/css/bootstrap.css]
[html.themexriver.com/searmek/css/main.css]
[html.themexriver.com/searmek/css/responsive.css]
[html.themexriver.com/searmek/index-2.html]
[html.themexriver.com/searmek/index-3.html]
[html.themexriver.com/searmek/index-4.html]
[html.themexriver.com/searmek/index-5.html]
[html.themexriver.com/searmek/about.html]
[html.themexriver.com/searmek/team.html]
[html.themexriver.com/searmek/faq.html]
[html.themexriver.com/searmek/pricing.html]
[html.themexriver.com/searmek/testimonial.html]
[html.themexriver.com/searmek/service.html]
[html.themexriver.com/searmek/service-detail.html]
[html.themexriver.com/searmek/portfolio.html]
[html.themexriver.com/searmek/portfolio-single.html]
[html.themexriver.com/searmek/blog.html]
[html.themexriver.com/searmek/blog-single.html]
[html.themexriver.com/searmek/contact.html]
[html.themexriver.com/searmek/js/jquery.js]
[html.themexriver.com/searmek/js/popper.min.js]
[html.themexriver.com/searmek/js/bootstrap.min.html]
[html.themexriver.com/searmek/js/jquery.paroller.min.html]
[html.themexriver.com/searmek/js/parallax.min.html]
[html.themexriver.com/searmek/js/jquery.mCustomScrollbar.concat.min.html]
[html.themexriver.com/searmek/js/jquery.fancybox.html]
[html.themexriver.com/searmek/js/appear.html]
[html.themexriver.com/searmek/js/owl.html]
[html.themexriver.com/searmek/js/wow.html]
[html.themexriver.com/searmek/js/jquery-ui.html]
[html.themexriver.com/searmek/js/script.html]
[html.themexriver.com/searmek/css/font-awesome.html]
[html.themexriver.com/searmek/css/flaticon.html]
[html.themexriver.com/searmek/css/animate.html]
[html.themexriver.com/searmek/css/owl.html]
[html.themexriver.com/searmek/css/jquery-ui.html]
[html.themexriver.com/searmek/css/animation.html]
[html.themexriver.com/searmek/css/jquery.fancybox.min.html]
[html.themexriver.com/searmek/css/jquery.mCustomScrollbar.min.html]
[html.themexriver.com/searmek/images/background/pattern-16.html]
[html.themexriver.com/searmek/images/icons/preloader.html]
[html.themexriver.com/searmek/images/background/pattern-8.html]
[html.themexriver.com/searmek/images/background/pattern-9.html]
[html.themexriver.com/searmek/images/background/pattern-7.html]
[html.themexriver.com/searmek/images/background/pattern-11.html]
[html.themexriver.com/searmek/images/background/pattern-12.html]
[html.themexriver.com/searmek/images/background/pattern-18.html]
[html.themexriver.com/searmek/images/background/pattern-19.html]
[html.themexriver.com/searmek/images/background/7.html]
[html.themexriver.com/searmek/images/background/8.html]
[html.themexriver.com/searmek/images/background/9.html]
[html.themexriver.com/searmek/images/background/price-bg.html]
[html.themexriver.com/searmek/images/background/pattern-31.html]
[html.themexriver.com/searmek/images/background/4.html]
[html.themexriver.com/searmek/images/background/pattern-4.html]
[html.themexriver.com/searmek/images/background/pattern-5.html]
[html.themexriver.com/searmek/images/background/banner-2.html]
[html.themexriver.com/searmek/images/clients/1.html]
[html.themexriver.com/searmek/images/clients/2.html]
[html.themexriver.com/searmek/images/clients/3.html]
[html.themexriver.com/searmek/images/clients/4.html]
[html.themexriver.com/searmek/images/clients/5.html]
[html.themexriver.com/searmek/images/background/pattern-6.html]
[html.themexriver.com/searmek/images/resource/service-1.html]
[html.themexriver.com/searmek/images/background/circle-1.html]
[html.themexriver.com/searmek/images/icons/icon-9.html]
[html.themexriver.com/searmek/images/resource/news-1.html]
[html.themexriver.com/searmek/images/resource/news-2.html]
[html.themexriver.com/searmek/images/resource/news-3.html]
[html.themexriver.com/searmek/images/logo-2.html]
[html.themexriver.com/searmek/images/background/1.html]
[html.themexriver.com/searmek/images/background/banner-3.html]
[html.themexriver.com/searmek/images/background/2.html]
[html.themexriver.com/searmek/images/background/pattern-10.html]
[html.themexriver.com/searmek/images/resource/seo.html]
[html.themexriver.com/searmek/images/resource/team-1.html]
[html.themexriver.com/searmek/images/resource/team-2.html]
[html.themexriver.com/searmek/images/resource/team-3.html]
[html.themexriver.com/searmek/images/resource/team-4.html]
[html.themexriver.com/searmek/images/resource/news-4.html]
[html.themexriver.com/searmek/images/resource/news-5.html]
[html.themexriver.com/searmek/images/resource/news-6.html]
[html.themexriver.com/searmek/images/clients/7.html]
[html.themexriver.com/searmek/images/clients/8.html]
[html.themexriver.com/searmek/images/clients/9.html]
[html.themexriver.com/searmek/images/clients/10.html]
[html.themexriver.com/searmek/images/clients/11.html]
[html.themexriver.com/searmek/images/logo-3.html]
[html.themexriver.com/searmek/images/background/pattern-14.html]
[html.themexriver.com/searmek/images/background/pattern-15.html]
[html.themexriver.com/searmek/images/background/banner-4.html]
[html.themexriver.com/searmek/images/background/3.html]
[html.themexriver.com/searmek/images/resource/service.html]
[html.themexriver.com/searmek/images/background/pattern-17.html]
[html.themexriver.com/searmek/images/resource/feature-1.html]
[html.themexriver.com/searmek/images/gallery/4.html]
[html.themexriver.com/searmek/images/gallery/5.html]
[html.themexriver.com/searmek/images/gallery/6.html]
[html.themexriver.com/searmek/images/gallery/7.html]
[html.themexriver.com/searmek/images/gallery/8.html]
[html.themexriver.com/searmek/images/gallery/9.html]
[html.themexriver.com/searmek/images/clients/12.html]
[html.themexriver.com/searmek/images/clients/13.html]
[html.themexriver.com/searmek/images/clients/14.html]
[html.themexriver.com/searmek/images/clients/15.html]
[html.themexriver.com/searmek/images/clients/16.html]
[html.themexriver.com/searmek/images/clients/17.html]
[html.themexriver.com/searmek/images/background/5.html]
[html.themexriver.com/searmek/images/background/pattern-21.html]
[html.themexriver.com/searmek/images/background/pattern-20.html]
[html.themexriver.com/searmek/images/resource/author-4.html]
[html.themexriver.com/searmek/images/background/6.html]
[html.themexriver.com/searmek/images/logo-4.html]
[html.themexriver.com/searmek/images/background/pattern-22.html]
[html.themexriver.com/searmek/images/background/pattern-23.html]
[html.themexriver.com/searmek/images/icons/icon-10.html]
[html.themexriver.com/searmek/images/resource/service-2.html]
[html.themexriver.com/searmek/images/background/10.html]
[html.themexriver.com/searmek/images/gallery/10.html]
[html.themexriver.com/searmek/images/gallery/11.html]
[html.themexriver.com/searmek/images/gallery/12.html]
[html.themexriver.com/searmek/images/gallery/13.html]
[html.themexriver.com/searmek/images/gallery/14.html]
[html.themexriver.com/searmek/images/gallery/15.html]
[html.themexriver.com/searmek/images/gallery/16.html]
[html.themexriver.com/searmek/images/gallery/17.html]
[html.themexriver.com/searmek/images/background/11.html]
[html.themexriver.com/searmek/images/background/pattern-24.html]
[html.themexriver.com/searmek/images/background/pattern-25.html]
[html.themexriver.com/searmek/images/background/12.html]
[html.themexriver.com/searmek/images/clients/18.html]
[html.themexriver.com/searmek/images/clients/19.html]
[html.themexriver.com/searmek/images/clients/20.html]
[html.themexriver.com/searmek/images/clients/21.html]
[html.themexriver.com/searmek/images/clients/22.html]
[html.themexriver.com/searmek/images/background/pattern-27.html]
[html.themexriver.com/searmek/images/background/pattern-26.html]
[html.themexriver.com/searmek/images/background/pattern-29.html]
[html.themexriver.com/searmek/images/resource/service-3.html]
[html.themexriver.com/searmek/images/logo-5.html]
[html.themexriver.com/searmek/images/resource/team-5.html]
[html.themexriver.com/searmek/images/resource/team-6.html]
[html.themexriver.com/searmek/images/resource/team-7.html]
[html.themexriver.com/searmek/images/resource/team-8.html]
[html.themexriver.com/searmek/images/background/pattern-30.html]
[html.themexriver.com/searmek/images/resource/service-4.html]
[html.themexriver.com/searmek/js/mixitup.html]
[html.themexriver.com/searmek/images/resource/service-5.html]
[html.themexriver.com/searmek/images/resource/service-6.html]
[html.themexriver.com/searmek/images/resource/service-7.html]
[html.themexriver.com/searmek/images/resource/news-7.html]
[html.themexriver.com/searmek/images/resource/news-8.html]
[html.themexriver.com/searmek/images/resource/news-9.html]
[html.themexriver.com/searmek/images/resource/news-10.html]
[html.themexriver.com/searmek/images/resource/news-11.html]
[html.themexriver.com/searmek/images/resource/news-12.html]
[html.themexriver.com/searmek/images/resource/video-img.html]
[html.themexriver.com/searmek/images/resource/news-13.html]
[html.themexriver.com/searmek/images/resource/news-14.html]
[html.themexriver.com/searmek/images/resource/author-5.html]
[html.themexriver.com/searmek/images/resource/author-6.html]
[html.themexriver.com/searmek/images/gallery/18.html]
[html.themexriver.com/searmek/images/gallery/19.html]
[html.themexriver.com/searmek/images/gallery/20.html]
[html.themexriver.com/searmek/images/resource/post-thumb-1.html]
[html.themexriver.com/searmek/images/resource/add.html]
[html.themexriver.com/searmek/images/icons/map-marker.html]
[html.themexriver.com/searmek/js/validate.html]
[html.themexriver.com/searmek/js/map-script.html]
